2020-07-26 16:22:01.762 [info] <0.44.0> Application lager started on node nonode@nohost
2020-07-26 16:22:01.766 [info] <0.44.0> Application xmerl started on node nonode@nohost
2020-07-26 16:22:01.777 [info] <0.44.0> Application sasl started on node nonode@nohost
2020-07-26 16:22:01.779 [info] <0.44.0> Application tools started on node nonode@nohost
2020-07-26 16:22:01.780 [info] <0.44.0> Application jsx started on node nonode@nohost
2020-07-26 16:22:01.783 [info] <0.44.0> Application ranch started on node nonode@nohost
2020-07-26 16:22:01.784 [info] <0.44.0> Application recon started on node nonode@nohost
2020-07-26 16:22:01.803 [info] <0.44.0> Application credentials_obfuscation started on node nonode@nohost
2020-07-26 16:22:01.803 [info] <0.44.0> Application rabbit_common started on node nonode@nohost
2020-07-26 16:22:01.807 [info] <0.44.0> Application amqp_client started on node nonode@nohost
2020-07-26 16:22:01.809 [info] <0.44.0> Application amqp started on node nonode@nohost
2020-07-26 16:22:01.812 [info] <0.44.0> Application gateway started on node nonode@nohost
2020-07-26 16:22:01.834 [warning] <0.220.0> Unexpected error_logger event {error_msg,<0.263.0>,{<0.265.0>,[42,42,32,84,97,115,107,32,126,112,32,116,101,114,109,105,110,97,116,105,110,103,126,110,42,42,32,83,116,97,114,116,101,100,32,102,114,111,109,32,126,112,126,110,42,42,32,87,104,101,110,32,102,117,110,99,116,105,111,110,32,32,61,61,32,126,112,126,110,42,42,32,32,32,32,32,32,97,114,103,117,109,101,110,116,115,32,61,61,32,126,112,126,110,42,42,32,82,101,97,115,111,110,32,102,111,114,32,116,101,114,109,105,110,97,116,105,111,110,32,61,61,32,126,110,42,42,32,126,112,126,110],[<0.264.0>,<0.265.0>,#Fun<Elixir.Gateway.0.56982897>,[],{{badmatch,{error,unknown_host}},[{'Elixir.Gateway','-start/2-fun-0-',0,[{file,[108,105,98,47,103,97,116,101,119,97,121,46,101,120]},{line,5}]},{'Elixir.Task.Supervised',invoke_mfa,2,[{file,[108,105,98,47,116,97,115,107,47,115,117,112,101,114,118,105,115,101,100,46,101,120]},{line,90}]},{proc_lib,init_p_do_apply,3,[{file,[112,114,111,99,95,108,105,98,46,101,114,108]},{line,226}]}]}]}}
2020-07-26 16:22:01.839 [error] <0.265.0>@Elixir.Gateway:-start/2-fun-0-:5 CRASH REPORT Process <0.265.0> with 0 neighbours crashed with reason: no match of right hand value {error,unknown_host} in 'Elixir.Gateway':'-start/2-fun-0-'/0 line 5
2020-07-26 16:22:01.840 [error] <0.263.0>@Elixir.Gateway:-start/2-fun-0-:5 CRASH REPORT Process <0.263.0> with 0 neighbours exited with reason: no match of right hand value {error,unknown_host} in 'Elixir.Gateway':'-start/2-fun-0-'/0 line 5 in application_master:terminate/2 line 232
2020-07-26 16:22:01.840 [info] <0.44.0>@Elixir.Gateway:-start/2-fun-0-:5 Application gateway exited with reason: no match of right hand value {error,unknown_host} in 'Elixir.Gateway':'-start/2-fun-0-'/0 line 5
2020-07-26 16:23:18.122 [info] <0.44.0> Application lager started on node nonode@nohost
2020-07-26 16:23:18.126 [info] <0.44.0> Application xmerl started on node nonode@nohost
2020-07-26 16:23:18.135 [info] <0.44.0> Application sasl started on node nonode@nohost
2020-07-26 16:23:18.137 [info] <0.44.0> Application tools started on node nonode@nohost
2020-07-26 16:23:18.138 [info] <0.44.0> Application jsx started on node nonode@nohost
2020-07-26 16:23:18.142 [info] <0.44.0> Application ranch started on node nonode@nohost
2020-07-26 16:23:18.143 [info] <0.44.0> Application recon started on node nonode@nohost
2020-07-26 16:23:18.161 [info] <0.44.0> Application credentials_obfuscation started on node nonode@nohost
2020-07-26 16:23:18.161 [info] <0.44.0> Application rabbit_common started on node nonode@nohost
2020-07-26 16:23:18.165 [info] <0.44.0> Application amqp_client started on node nonode@nohost
2020-07-26 16:23:18.167 [info] <0.44.0> Application amqp started on node nonode@nohost
2020-07-26 16:23:18.170 [info] <0.44.0> Application gateway started on node nonode@nohost
2020-07-26 16:23:18.190 [warning] <0.230.0> Unexpected error_logger event {error_msg,<0.273.0>,{<0.275.0>,[42,42,32,84,97,115,107,32,126,112,32,116,101,114,109,105,110,97,116,105,110,103,126,110,42,42,32,83,116,97,114,116,101,100,32,102,114,111,109,32,126,112,126,110,42,42,32,87,104,101,110,32,102,117,110,99,116,105,111,110,32,32,61,61,32,126,112,126,110,42,42,32,32,32,32,32,32,97,114,103,117,109,101,110,116,115,32,61,61,32,126,112,126,110,42,42,32,82,101,97,115,111,110,32,102,111,114,32,116,101,114,109,105,110,97,116,105,111,110,32,61,61,32,126,110,42,42,32,126,112,126,110],[<0.274.0>,<0.275.0>,#Fun<Elixir.Gateway.0.56982897>,[],{{badmatch,{error,unknown_host}},[{'Elixir.Gateway','-start/2-fun-0-',0,[{file,[108,105,98,47,103,97,116,101,119,97,121,46,101,120]},{line,5}]},{'Elixir.Task.Supervised',invoke_mfa,2,[{file,[108,105,98,47,116,97,115,107,47,115,117,112,101,114,118,105,115,101,100,46,101,120]},{line,90}]},{proc_lib,init_p_do_apply,3,[{file,[112,114,111,99,95,108,105,98,46,101,114,108]},{line,226}]}]}]}}
2020-07-26 16:23:18.194 [error] <0.275.0>@Elixir.Gateway:-start/2-fun-0-:5 CRASH REPORT Process <0.275.0> with 0 neighbours crashed with reason: no match of right hand value {error,unknown_host} in 'Elixir.Gateway':'-start/2-fun-0-'/0 line 5
2020-07-26 16:23:18.195 [error] <0.273.0>@Elixir.Gateway:-start/2-fun-0-:5 CRASH REPORT Process <0.273.0> with 0 neighbours exited with reason: no match of right hand value {error,unknown_host} in 'Elixir.Gateway':'-start/2-fun-0-'/0 line 5 in application_master:terminate/2 line 232
2020-07-26 16:23:18.195 [info] <0.44.0>@Elixir.Gateway:-start/2-fun-0-:5 Application gateway exited with reason: no match of right hand value {error,unknown_host} in 'Elixir.Gateway':'-start/2-fun-0-'/0 line 5
2020-07-26 16:23:32.750 [info] <0.44.0> Application lager started on node nonode@nohost
2020-07-26 16:23:32.754 [info] <0.44.0> Application xmerl started on node nonode@nohost
2020-07-26 16:23:32.764 [info] <0.44.0> Application sasl started on node nonode@nohost
2020-07-26 16:23:32.766 [info] <0.44.0> Application tools started on node nonode@nohost
2020-07-26 16:23:32.767 [info] <0.44.0> Application jsx started on node nonode@nohost
2020-07-26 16:23:32.772 [info] <0.44.0> Application ranch started on node nonode@nohost
2020-07-26 16:23:32.773 [info] <0.44.0> Application recon started on node nonode@nohost
2020-07-26 16:23:32.794 [info] <0.44.0> Application credentials_obfuscation started on node nonode@nohost
2020-07-26 16:23:32.794 [info] <0.44.0> Application rabbit_common started on node nonode@nohost
2020-07-26 16:23:32.799 [info] <0.44.0> Application amqp_client started on node nonode@nohost
2020-07-26 16:23:32.800 [info] <0.44.0> Application amqp started on node nonode@nohost
2020-07-26 16:23:32.803 [info] <0.44.0> Application gateway started on node nonode@nohost
2020-07-26 16:23:32.822 [warning] <0.220.0> Unexpected error_logger event {error_msg,<0.263.0>,{<0.265.0>,[42,42,32,84,97,115,107,32,126,112,32,116,101,114,109,105,110,97,116,105,110,103,126,110,42,42,32,83,116,97,114,116,101,100,32,102,114,111,109,32,126,112,126,110,42,42,32,87,104,101,110,32,102,117,110,99,116,105,111,110,32,32,61,61,32,126,112,126,110,42,42,32,32,32,32,32,32,97,114,103,117,109,101,110,116,115,32,61,61,32,126,112,126,110,42,42,32,82,101,97,115,111,110,32,102,111,114,32,116,101,114,109,105,110,97,116,105,111,110,32,61,61,32,126,110,42,42,32,126,112,126,110],[<0.264.0>,<0.265.0>,#Fun<Elixir.Gateway.0.56982897>,[],{{badmatch,{error,unknown_host}},[{'Elixir.Gateway','-start/2-fun-0-',0,[{file,[108,105,98,47,103,97,116,101,119,97,121,46,101,120]},{line,5}]},{'Elixir.Task.Supervised',invoke_mfa,2,[{file,[108,105,98,47,116,97,115,107,47,115,117,112,101,114,118,105,115,101,100,46,101,120]},{line,90}]},{proc_lib,init_p_do_apply,3,[{file,[112,114,111,99,95,108,105,98,46,101,114,108]},{line,226}]}]}]}}
2020-07-26 16:23:32.826 [error] <0.265.0>@Elixir.Gateway:-start/2-fun-0-:5 CRASH REPORT Process <0.265.0> with 0 neighbours crashed with reason: no match of right hand value {error,unknown_host} in 'Elixir.Gateway':'-start/2-fun-0-'/0 line 5
2020-07-26 16:23:32.827 [error] <0.263.0>@Elixir.Gateway:-start/2-fun-0-:5 CRASH REPORT Process <0.263.0> with 0 neighbours exited with reason: no match of right hand value {error,unknown_host} in 'Elixir.Gateway':'-start/2-fun-0-'/0 line 5 in application_master:terminate/2 line 232
2020-07-26 16:23:32.827 [info] <0.44.0>@Elixir.Gateway:-start/2-fun-0-:5 Application gateway exited with reason: no match of right hand value {error,unknown_host} in 'Elixir.Gateway':'-start/2-fun-0-'/0 line 5
2020-07-26 16:23:52.727 [info] <0.44.0> Application lager started on node nonode@nohost
2020-07-26 16:23:52.731 [info] <0.44.0> Application xmerl started on node nonode@nohost
2020-07-26 16:23:52.740 [info] <0.44.0> Application sasl started on node nonode@nohost
2020-07-26 16:23:52.742 [info] <0.44.0> Application tools started on node nonode@nohost
2020-07-26 16:23:52.744 [info] <0.44.0> Application jsx started on node nonode@nohost
2020-07-26 16:23:52.747 [info] <0.44.0> Application ranch started on node nonode@nohost
2020-07-26 16:23:52.748 [info] <0.44.0> Application recon started on node nonode@nohost
2020-07-26 16:23:52.767 [info] <0.44.0> Application credentials_obfuscation started on node nonode@nohost
2020-07-26 16:23:52.767 [info] <0.44.0> Application rabbit_common started on node nonode@nohost
2020-07-26 16:23:52.771 [info] <0.44.0> Application amqp_client started on node nonode@nohost
2020-07-26 16:23:52.772 [info] <0.44.0> Application amqp started on node nonode@nohost
2020-07-26 16:23:52.776 [info] <0.44.0> Application gateway started on node nonode@nohost
2020-07-26 16:23:52.791 [warning] <0.209.0> Unexpected error_logger event {error_msg,<0.252.0>,{<0.254.0>,[42,42,32,84,97,115,107,32,126,112,32,116,101,114,109,105,110,97,116,105,110,103,126,110,42,42,32,83,116,97,114,116,101,100,32,102,114,111,109,32,126,112,126,110,42,42,32,87,104,101,110,32,102,117,110,99,116,105,111,110,32,32,61,61,32,126,112,126,110,42,42,32,32,32,32,32,32,97,114,103,117,109,101,110,116,115,32,61,61,32,126,112,126,110,42,42,32,82,101,97,115,111,110,32,102,111,114,32,116,101,114,109,105,110,97,116,105,111,110,32,61,61,32,126,110,42,42,32,126,112,126,110],[<0.253.0>,<0.254.0>,#Fun<Elixir.Gateway.0.56982897>,[],{{badmatch,{error,unknown_host}},[{'Elixir.Gateway','-start/2-fun-0-',0,[{file,[108,105,98,47,103,97,116,101,119,97,121,46,101,120]},{line,5}]},{'Elixir.Task.Supervised',invoke_mfa,2,[{file,[108,105,98,47,116,97,115,107,47,115,117,112,101,114,118,105,115,101,100,46,101,120]},{line,90}]},{proc_lib,init_p_do_apply,3,[{file,[112,114,111,99,95,108,105,98,46,101,114,108]},{line,226}]}]}]}}
2020-07-26 16:23:52.795 [error] <0.254.0>@Elixir.Gateway:-start/2-fun-0-:5 CRASH REPORT Process <0.254.0> with 0 neighbours crashed with reason: no match of right hand value {error,unknown_host} in 'Elixir.Gateway':'-start/2-fun-0-'/0 line 5
2020-07-26 16:23:52.796 [error] <0.252.0>@Elixir.Gateway:-start/2-fun-0-:5 CRASH REPORT Process <0.252.0> with 0 neighbours exited with reason: no match of right hand value {error,unknown_host} in 'Elixir.Gateway':'-start/2-fun-0-'/0 line 5 in application_master:terminate/2 line 232
2020-07-26 16:23:52.796 [info] <0.44.0>@Elixir.Gateway:-start/2-fun-0-:5 Application gateway exited with reason: no match of right hand value {error,unknown_host} in 'Elixir.Gateway':'-start/2-fun-0-'/0 line 5
2020-07-26 16:24:24.007 [info] <0.44.0> Application lager started on node nonode@nohost
2020-07-26 16:24:24.011 [info] <0.44.0> Application xmerl started on node nonode@nohost
2020-07-26 16:24:24.019 [info] <0.44.0> Application sasl started on node nonode@nohost
2020-07-26 16:24:24.022 [info] <0.44.0> Application tools started on node nonode@nohost
2020-07-26 16:24:24.023 [info] <0.44.0> Application jsx started on node nonode@nohost
2020-07-26 16:24:24.026 [info] <0.44.0> Application ranch started on node nonode@nohost
2020-07-26 16:24:24.027 [info] <0.44.0> Application recon started on node nonode@nohost
2020-07-26 16:24:24.047 [info] <0.44.0> Application credentials_obfuscation started on node nonode@nohost
2020-07-26 16:24:24.047 [info] <0.44.0> Application rabbit_common started on node nonode@nohost
2020-07-26 16:24:24.051 [info] <0.44.0> Application amqp_client started on node nonode@nohost
2020-07-26 16:24:24.052 [info] <0.44.0> Application amqp started on node nonode@nohost
2020-07-26 16:24:24.053 [error] <0.262.0>@Elixir.Gateway:start CRASH REPORT Process <0.262.0> with 0 neighbours exited with reason: call to undefined function 'Elixir.Gateway':start(normal, []) in application_master:init/4 line 138
2020-07-26 16:24:31.039 [info] <0.44.0> Application lager started on node nonode@nohost
2020-07-26 16:24:31.044 [info] <0.44.0> Application xmerl started on node nonode@nohost
2020-07-26 16:24:31.052 [info] <0.44.0> Application sasl started on node nonode@nohost
2020-07-26 16:24:31.054 [info] <0.44.0> Application tools started on node nonode@nohost
2020-07-26 16:24:31.055 [info] <0.44.0> Application jsx started on node nonode@nohost
2020-07-26 16:24:31.058 [info] <0.44.0> Application ranch started on node nonode@nohost
2020-07-26 16:24:31.059 [info] <0.44.0> Application recon started on node nonode@nohost
2020-07-26 16:24:31.079 [info] <0.44.0> Application credentials_obfuscation started on node nonode@nohost
2020-07-26 16:24:31.079 [info] <0.44.0> Application rabbit_common started on node nonode@nohost
2020-07-26 16:24:31.083 [info] <0.44.0> Application amqp_client started on node nonode@nohost
2020-07-26 16:24:31.084 [info] <0.44.0> Application amqp started on node nonode@nohost
2020-07-26 16:24:31.087 [info] <0.44.0> Application gateway started on node nonode@nohost
2020-07-26 16:24:31.102 [warning] <0.219.0> Unexpected error_logger event {error_msg,<0.262.0>,{<0.264.0>,[42,42,32,84,97,115,107,32,126,112,32,116,101,114,109,105,110,97,116,105,110,103,126,110,42,42,32,83,116,97,114,116,101,100,32,102,114,111,109,32,126,112,126,110,42,42,32,87,104,101,110,32,102,117,110,99,116,105,111,110,32,32,61,61,32,126,112,126,110,42,42,32,32,32,32,32,32,97,114,103,117,109,101,110,116,115,32,61,61,32,126,112,126,110,42,42,32,82,101,97,115,111,110,32,102,111,114,32,116,101,114,109,105,110,97,116,105,111,110,32,61,61,32,126,110,42,42,32,126,112,126,110],[<0.263.0>,<0.264.0>,#Fun<Elixir.Gateway.0.56982897>,[],{{badmatch,{error,unknown_host}},[{'Elixir.Gateway','-start/2-fun-0-',0,[{file,[108,105,98,47,103,97,116,101,119,97,121,46,101,120]},{line,5}]},{'Elixir.Task.Supervised',invoke_mfa,2,[{file,[108,105,98,47,116,97,115,107,47,115,117,112,101,114,118,105,115,101,100,46,101,120]},{line,90}]},{proc_lib,init_p_do_apply,3,[{file,[112,114,111,99,95,108,105,98,46,101,114,108]},{line,226}]}]}]}}
2020-07-26 16:24:31.105 [error] <0.264.0>@Elixir.Gateway:-start/2-fun-0-:5 CRASH REPORT Process <0.264.0> with 0 neighbours crashed with reason: no match of right hand value {error,unknown_host} in 'Elixir.Gateway':'-start/2-fun-0-'/0 line 5
2020-07-26 16:24:31.105 [error] <0.262.0>@Elixir.Gateway:-start/2-fun-0-:5 CRASH REPORT Process <0.262.0> with 0 neighbours exited with reason: no match of right hand value {error,unknown_host} in 'Elixir.Gateway':'-start/2-fun-0-'/0 line 5 in application_master:terminate/2 line 232
2020-07-26 16:24:31.105 [info] <0.44.0>@Elixir.Gateway:-start/2-fun-0-:5 Application gateway exited with reason: no match of right hand value {error,unknown_host} in 'Elixir.Gateway':'-start/2-fun-0-'/0 line 5
2020-07-26 16:30:51.615 [info] <0.44.0> Application lager started on node nonode@nohost
2020-07-26 16:30:51.619 [info] <0.44.0> Application xmerl started on node nonode@nohost
2020-07-26 16:30:51.629 [info] <0.44.0> Application sasl started on node nonode@nohost
2020-07-26 16:30:51.631 [info] <0.44.0> Application tools started on node nonode@nohost
2020-07-26 16:30:51.632 [info] <0.44.0> Application jsx started on node nonode@nohost
2020-07-26 16:30:51.635 [info] <0.44.0> Application ranch started on node nonode@nohost
2020-07-26 16:30:51.636 [info] <0.44.0> Application recon started on node nonode@nohost
2020-07-26 16:30:51.655 [info] <0.44.0> Application credentials_obfuscation started on node nonode@nohost
2020-07-26 16:30:51.655 [info] <0.44.0> Application rabbit_common started on node nonode@nohost
2020-07-26 16:30:51.660 [info] <0.44.0> Application amqp_client started on node nonode@nohost
2020-07-26 16:30:51.662 [info] <0.44.0> Application amqp started on node nonode@nohost
2020-07-26 16:30:51.665 [info] <0.44.0> Application gateway started on node nonode@nohost
2020-07-26 16:30:51.680 [warning] <0.219.0> Unexpected error_logger event {error_msg,<0.262.0>,{<0.264.0>,[42,42,32,84,97,115,107,32,126,112,32,116,101,114,109,105,110,97,116,105,110,103,126,110,42,42,32,83,116,97,114,116,101,100,32,102,114,111,109,32,126,112,126,110,42,42,32,87,104,101,110,32,102,117,110,99,116,105,111,110,32,32,61,61,32,126,112,126,110,42,42,32,32,32,32,32,32,97,114,103,117,109,101,110,116,115,32,61,61,32,126,112,126,110,42,42,32,82,101,97,115,111,110,32,102,111,114,32,116,101,114,109,105,110,97,116,105,111,110,32,61,61,32,126,110,42,42,32,126,112,126,110],[<0.263.0>,<0.264.0>,#Fun<Elixir.Gateway.0.38439154>,[],{{badmatch,{error,unknown_host}},[{'Elixir.Gateway','-start/2-fun-0-',0,[{file,[108,105,98,47,103,97,116,101,119,97,121,46,101,120]},{line,6}]},{'Elixir.Task.Supervised',invoke_mfa,2,[{file,[108,105,98,47,116,97,115,107,47,115,117,112,101,114,118,105,115,101,100,46,101,120]},{line,90}]},{proc_lib,init_p_do_apply,3,[{file,[112,114,111,99,95,108,105,98,46,101,114,108]},{line,226}]}]}]}}
2020-07-26 16:30:51.684 [error] <0.264.0>@Elixir.Gateway:-start/2-fun-0-:6 CRASH REPORT Process <0.264.0> with 0 neighbours crashed with reason: no match of right hand value {error,unknown_host} in 'Elixir.Gateway':'-start/2-fun-0-'/0 line 6
2020-07-26 16:30:51.684 [error] <0.262.0>@Elixir.Gateway:-start/2-fun-0-:6 CRASH REPORT Process <0.262.0> with 0 neighbours exited with reason: no match of right hand value {error,unknown_host} in 'Elixir.Gateway':'-start/2-fun-0-'/0 line 6 in application_master:terminate/2 line 232
2020-07-26 16:30:51.684 [info] <0.44.0>@Elixir.Gateway:-start/2-fun-0-:6 Application gateway exited with reason: no match of right hand value {error,unknown_host} in 'Elixir.Gateway':'-start/2-fun-0-'/0 line 6
